Encoding message using Caesar Cipher encoder!
Encoded Message is:
XYZ
Details for Cipher Used:
Caesar Cipher used a shift of 3
